[PROGRESS] Executing DokkaGeneratorWorker with dokkaParameters: DokkaConfigurationImpl(moduleName=excel, moduleVersion=null, outputDir=/Users/runner/work/Toolbox/Toolbox/library/modules/excel/build/dokka/html, cacheRoot=null, offlineMode=false, sourceSets=[DokkaSourceSetImpl(displayName=common, sourceSetID=:toolbox:modules:excel/commonMain, classpath=[/Users/runner/work/Toolbox/Toolbox/library/core/build/libs/core-jvm.jar, /Users/runner/.gradle/caches/modules-2/files-2.1/org.jetbrains.kotlinx/kotlinx-coroutines-core-jvm/1.11.0/3d57dc678bd8d72a60e7adf0eca5c54e3f4f4b79/kotlinx-coroutines-core-jvm-1.11.0.jar, /Users/runner/.gradle/caches/modules-2/files-2.1/org.jetbrains.compose.components/components-resources-desktop/1.12.0/7fdb66431787bd9615dc099a4ee83682297a02cf/library-desktop-1.12.0.jar, /Users/runner/.gradle/caches/modules-2/files-2.1/io.github.mflisar.kmpplatformcontext/core-jvm/2.0.2/aa0208c296a85f1dd03e34c010783d8f4b2358e7/core-jvm.jar, /Users/runner/.gradle/caches/modules-2/files-2.1/io.github.mflisar.lumberjack/core-jvm/12.0.0/58c95c05a55afbebcd053d1dc5d470efc996f042/core-jvm.jar, /Users/runner/.gradle/caches/modules-2/files-2.1/io.github.mflisar.kmpparcelize/library-jvm/2.0.0/9fb81d8568bd353d8485a169548b5b248dd8f38f/library-jvm.jar, /Users/runner/.gradle/caches/modules-2/files-2.1/org.jetbrains.kotlin/kotlin-stdlib/2.4.20/94c1451890d164aed65d43b3db0b7ecef7c183e7/kotlin-stdlib-2.4.20.jar, /Users/runner/.gradle/caches/modules-2/files-2.1/org.apache.poi/poi-ooxml/5.5.1/ff561a9cab46bfe95667d5085580fefb2353fdaf/poi-ooxml-5.5.1.jar, /Users/runner/.gradle/caches/modules-2/files-2.1/org.apache.poi/poi/5.5.1/613d253b6f5f0849dd68fed043a7fb4b005e63a0/poi-5.5.1.jar, /Users/runner/.gradle/caches/modules-2/files-2.1/org.jetbrains/annotations/23.0.0/8cc20c07506ec18e0834947b84a864bfc094484e/annotations-23.0.0.jar, /Users/runner/.gradle/caches/modules-2/files-2.1/org.apache.commons/commons-compress/1.28.0/e482f2c7a88dac3c497e96aa420b6a769f59c8d7/commons-compress-1.28.0.jar, /Users/runner/.gradle/caches/modules-2/files-2.1/commons-codec/commons-codec/1.20.0/6a671d1c456a875ff61abec63216f754078bb0ed/commons-codec-1.20.0.jar, /Users/runner/.gradle/caches/modules-2/files-2.1/org.apache.commons/commons-collections4/4.5.0/e5cf89f0c6e132fc970bd9a465fdcb8dbe94f75a/commons-collections4-4.5.0.jar, /Users/runner/.gradle/caches/modules-2/files-2.1/org.apache.commons/commons-math3/3.6.1/e4ba98f1d4b3c80ec46392f25e094a6a2e58fcbf/commons-math3-3.6.1.jar, /Users/runner/.gradle/caches/modules-2/files-2.1/commons-io/commons-io/2.21.0/52a6f68fe5afe335cde95461dd5c3412f04996f7/commons-io-2.21.0.jar, /Users/runner/.gradle/caches/modules-2/files-2.1/com.zaxxer/SparseBitSet/1.3/533eac055afe3d5f614ea95e333afd6c2bde8f26/SparseBitSet-1.3.jar, /Users/runner/.gradle/caches/modules-2/files-2.1/org.apache.logging.log4j/log4j-api/2.24.3/b02c125db8b6d295adf72ae6e71af5d83bce2370/log4j-api-2.24.3.jar, /Users/runner/.gradle/caches/modules-2/files-2.1/org.apache.poi/poi-ooxml-lite/5.5.1/2e8c1fbeb661a8c15b033c4b03b2907e9bd0857b/poi-ooxml-lite-5.5.1.jar, /Users/runner/.gradle/caches/modules-2/files-2.1/org.apache.xmlbeans/xmlbeans/5.3.0/f93c3ba820d7240b7fec4ec5bc35e7223cc6fc1f/xmlbeans-5.3.0.jar, /Users/runner/.gradle/caches/modules-2/files-2.1/com.github.virtuald/curvesapi/1.08/3d3d36568154059825089b289dcfca481fe44e2c/curvesapi-1.08.jar, /Users/runner/.gradle/caches/modules-2/files-2.1/org.apache.commons/commons-lang3/3.18.0/fb14946f0e39748a6571de0635acbe44e7885491/commons-lang3-3.18.0.jar], sourceRoots=[], dependentSourceSets=[], samples=[], includes=[], includeNonPublic=false, reportUndocumented=false, skipEmptyPackages=true, skipDeprecated=false, jdkVersion=11, sourceLinks=[], perPackageOptions=[], externalDocumentationLinks=[ExternalDocumentationLinkImpl(url=https://docs.oracle.com/en/java/javase/11/docs/api/, packageListUrl=https://docs.oracle.com/en/java/javase/11/docs/api/element-list), ExternalDocumentationLinkImpl(url=https://kotlinlang.org/api/core/, packageListUrl=https://kotlinlang.org/api/core/package-list)], languageVersion=null, apiVersion=null, noStdlibLink=false, noJdkLink=false, suppressedFiles=[/Users/runner/work/Toolbox/Toolbox/library/modules/excel/build/generated], analysisPlatform=jvm, documentedVisibilities=[PUBLIC]), DokkaSourceSetImpl(displayName=jvm, sourceSetID=:toolbox:modules:excel/jvmMain, classpath=[/Users/runner/work/Toolbox/Toolbox/library/core/build/libs/core-jvm.jar, /Users/runner/.gradle/caches/modules-2/files-2.1/org.jetbrains.kotlinx/kotlinx-coroutines-core-jvm/1.11.0/3d57dc678bd8d72a60e7adf0eca5c54e3f4f4b79/kotlinx-coroutines-core-jvm-1.11.0.jar, /Users/runner/.gradle/caches/modules-2/files-2.1/org.jetbrains.compose.components/components-resources-desktop/1.12.0/7fdb66431787bd9615dc099a4ee83682297a02cf/library-desktop-1.12.0.jar, /Users/runner/.gradle/caches/modules-2/files-2.1/io.github.mflisar.kmpplatformcontext/core-jvm/2.0.2/aa0208c296a85f1dd03e34c010783d8f4b2358e7/core-jvm.jar, /Users/runner/.gradle/caches/modules-2/files-2.1/io.github.mflisar.lumberjack/core-jvm/12.0.0/58c95c05a55afbebcd053d1dc5d470efc996f042/core-jvm.jar, /Users/runner/.gradle/caches/modules-2/files-2.1/io.github.mflisar.kmpparcelize/library-jvm/2.0.0/9fb81d8568bd353d8485a169548b5b248dd8f38f/library-jvm.jar, /Users/runner/.gradle/caches/modules-2/files-2.1/org.jetbrains.kotlin/kotlin-stdlib/2.4.20/94c1451890d164aed65d43b3db0b7ecef7c183e7/kotlin-stdlib-2.4.20.jar, /Users/runner/.gradle/caches/modules-2/files-2.1/org.apache.poi/poi-ooxml/5.5.1/ff561a9cab46bfe95667d5085580fefb2353fdaf/poi-ooxml-5.5.1.jar, /Users/runner/.gradle/caches/modules-2/files-2.1/org.apache.poi/poi/5.5.1/613d253b6f5f0849dd68fed043a7fb4b005e63a0/poi-5.5.1.jar, /Users/runner/.gradle/caches/modules-2/files-2.1/org.jetbrains/annotations/23.0.0/8cc20c07506ec18e0834947b84a864bfc094484e/annotations-23.0.0.jar, /Users/runner/.gradle/caches/modules-2/files-2.1/org.apache.commons/commons-compress/1.28.0/e482f2c7a88dac3c497e96aa420b6a769f59c8d7/commons-compress-1.28.0.jar, /Users/runner/.gradle/caches/modules-2/files-2.1/commons-codec/commons-codec/1.20.0/6a671d1c456a875ff61abec63216f754078bb0ed/commons-codec-1.20.0.jar, /Users/runner/.gradle/caches/modules-2/files-2.1/org.apache.commons/commons-collections4/4.5.0/e5cf89f0c6e132fc970bd9a465fdcb8dbe94f75a/commons-collections4-4.5.0.jar, /Users/runner/.gradle/caches/modules-2/files-2.1/org.apache.commons/commons-math3/3.6.1/e4ba98f1d4b3c80ec46392f25e094a6a2e58fcbf/commons-math3-3.6.1.jar, /Users/runner/.gradle/caches/modules-2/files-2.1/commons-io/commons-io/2.21.0/52a6f68fe5afe335cde95461dd5c3412f04996f7/commons-io-2.21.0.jar, /Users/runner/.gradle/caches/modules-2/files-2.1/com.zaxxer/SparseBitSet/1.3/533eac055afe3d5f614ea95e333afd6c2bde8f26/SparseBitSet-1.3.jar, /Users/runner/.gradle/caches/modules-2/files-2.1/org.apache.logging.log4j/log4j-api/2.24.3/b02c125db8b6d295adf72ae6e71af5d83bce2370/log4j-api-2.24.3.jar, /Users/runner/.gradle/caches/modules-2/files-2.1/org.apache.poi/poi-ooxml-lite/5.5.1/2e8c1fbeb661a8c15b033c4b03b2907e9bd0857b/poi-ooxml-lite-5.5.1.jar, /Users/runner/.gradle/caches/modules-2/files-2.1/org.apache.xmlbeans/xmlbeans/5.3.0/f93c3ba820d7240b7fec4ec5bc35e7223cc6fc1f/xmlbeans-5.3.0.jar, /Users/runner/.gradle/caches/modules-2/files-2.1/com.github.virtuald/curvesapi/1.08/3d3d36568154059825089b289dcfca481fe44e2c/curvesapi-1.08.jar, /Users/runner/.gradle/caches/modules-2/files-2.1/org.apache.commons/commons-lang3/3.18.0/fb14946f0e39748a6571de0635acbe44e7885491/commons-lang3-3.18.0.jar], sourceRoots=[/Users/runner/work/Toolbox/Toolbox/library/modules/excel/src/jvmMain/kotlin/com/michaelflisar/toolbox/excel/classes/ExcelFoundRow.kt, /Users/runner/work/Toolbox/Toolbox/library/modules/excel/src/jvmMain/kotlin/com/michaelflisar/toolbox/excel/classes/ExcelSheet.kt, /Users/runner/work/Toolbox/Toolbox/library/modules/excel/src/jvmMain/kotlin/com/michaelflisar/toolbox/excel/Excel.kt, /Users/runner/work/Toolbox/Toolbox/library/modules/excel/src/jvmMain/kotlin/com/michaelflisar/toolbox/excel/ExcelSheet.kt], dependentSourceSets=[:toolbox:modules:excel/commonMain], samples=[], includes=[], includeNonPublic=false, reportUndocumented=false, skipEmptyPackages=true, skipDeprecated=false, jdkVersion=11, sourceLinks=[], perPackageOptions=[], externalDocumentationLinks=[ExternalDocumentationLinkImpl(url=https://docs.oracle.com/en/java/javase/11/docs/api/, packageListUrl=https://docs.oracle.com/en/java/javase/11/docs/api/element-list), ExternalDocumentationLinkImpl(url=https://kotlinlang.org/api/core/, packageListUrl=https://kotlinlang.org/api/core/package-list)], languageVersion=null, apiVersion=null, noStdlibLink=false, noJdkLink=false, suppressedFiles=[/Users/runner/work/Toolbox/Toolbox/library/modules/excel/build/generated], analysisPlatform=jvm, documentedVisibilities=[PUBLIC])], pluginsClasspath=[/Users/runner/.gradle/caches/modules-2/files-2.1/org.jetbrains.dokka/templating-plugin/2.2.0/c3c13a48444b9c22e5286e88581ce0334e25352d/templating-plugin-2.2.0.jar, /Users/runner/.gradle/caches/modules-2/files-2.1/org.jetbrains.dokka/dokka-base/2.2.0/84b0c641ea99d74ba3e251b6a0e33c5ead8d4312/dokka-base-2.2.0.jar], pluginsConfiguration=[PluginConfigurationImpl(fqPluginName=org.jetbrains.dokka.base.DokkaBase, serializationFormat=JSON, values={"customAssets":[],"customStyleSheets":[],"separateInheritedMembers":false,"mergeImplicitExpectActualDeclarations":false}), PluginConfigurationImpl(fqPluginName=org.jetbrains.dokka.kotlinPlaygroundSamples.KotlinPlaygroundSamplesPlugin, serializationFormat=JSON, values={}), PluginConfigurationImpl(fqPluginName=org.jetbrains.dokka.versioning.VersioningPlugin, serializationFormat=JSON, values={"olderVersions":[],"olderVersionsDirName":"older","renderVersionsNavigationOnAllPages":true})], modules=[], failOnWarning=false, delayTemplateSubstitution=false, suppressObviousFunctions=true, includes=[], suppressInheritedMembers=false, finalizeCoroutines=false)
[PROGRESS] Initializing plugins
[INFO] Loaded plugins: [org.jetbrains.dokka.analysis.kotlin.symbols.plugin.SymbolsAnalysisPlugin, org.jetbrains.dokka.analysis.java.JavaAnalysisPlugin, org.jetbrains.dokka.templates.TemplatingPlugin, org.jetbrains.dokka.base.DokkaBase]
[INFO] Loaded: [
	ExtensionPoint: org.jetbrains.dokka.CoreExtensions/preGenerationCheck,
	ExtensionPoint: org.jetbrains.dokka.base.DokkaBase/immediateHtmlCommandConsumer,
	ExtensionPoint: org.jetbrains.dokka.CoreExtensions/pageTransformer,
	ExtensionPoint: org.jetbrains.dokka.base.DokkaBase/htmlPreprocessors,
	ExtensionPoint: org.jetbrains.dokka.base.DokkaBase/outputWriter,
	ExtensionPoint: org.jetbrains.dokka.base.DokkaBase/externalLocationProviderFactory,
	ExtensionPoint: org.jetbrains.dokka.base.DokkaBase/locationProviderFactory,
	ExtensionPoint: org.jetbrains.dokka.CoreExtensions/renderer,
	ExtensionPoint: org.jetbrains.dokka.base.DokkaBase/pageMergerStrategy,
	ExtensionPoint: org.jetbrains.dokka.base.DokkaBase/commentsToContentConverter,
	ExtensionPoint: org.jetbrains.dokka.CoreExtensions/documentableToPageTranslator,
	ExtensionPoint: org.jetbrains.dokka.CoreExtensions/documentableTransformer,
	ExtensionPoint: org.jetbrains.dokka.base.DokkaBase/signatureProvider,
	ExtensionPoint: org.jetbrains.dokka.base.DokkaBase/preMergeDocumentableTransformer,
	ExtensionPoint: org.jetbrains.dokka.CoreExtensions/documentableMerger,
	ExtensionPoint: org.jetbrains.dokka.CoreExtensions/generation,
	ExtensionPoint: org.jetbrains.dokka.templates.TemplatingPlugin/directiveBasedCommandHandlers,
	ExtensionPoint: org.jetbrains.dokka.templates.TemplatingPlugin/substitutor,
	ExtensionPoint: org.jetbrains.dokka.templates.TemplatingPlugin/templateProcessingStrategy,
	ExtensionPoint: org.jetbrains.dokka.templates.TemplatingPlugin/multimoduleTemplateProcessor,
	ExtensionPoint: org.jetbrains.dokka.templates.TemplatingPlugin/submoduleTemplateProcessor,
	ExtensionPoint: org.jetbrains.dokka.CoreExtensions/sourceToDocumentableTranslator,
	ExtensionPoint: org.jetbrains.dokka.analysis.java.JavaAnalysisPlugin/docCommentParsers,
	ExtensionPoint: org.jetbrains.dokka.analysis.java.JavaAnalysisPlugin/docCommentCreators,
	ExtensionPoint: org.jetbrains.dokka.analysis.kotlin.KotlinAnalysisPlugin/sampleAnalysisEnvironmentCreator,
	ExtensionPoint: org.jetbrains.dokka.analysis.kotlin.KotlinAnalysisPlugin/externalDocumentableProvider,
	ExtensionPoint: org.jetbrains.dokka.analysis.kotlin.internal.InternalKotlinAnalysisPlugin/inheritanceBuilder,
	ExtensionPoint: org.jetbrains.dokka.analysis.kotlin.internal.InternalKotlinAnalysisPlugin/kotlinToJavaService,
	ExtensionPoint: org.jetbrains.dokka.analysis.kotlin.internal.InternalKotlinAnalysisPlugin/moduleAndPackageDocumentationReader,
	ExtensionPoint: org.jetbrains.dokka.analysis.kotlin.internal.InternalKotlinAnalysisPlugin/syntheticDocumentableDetector,
	ExtensionPoint: org.jetbrains.dokka.analysis.kotlin.internal.InternalKotlinAnalysisPlugin/fullClassHierarchyBuilder,
	ExtensionPoint: org.jetbrains.dokka.analysis.kotlin.internal.InternalKotlinAnalysisPlugin/documentableSourceLanguageParser,
	ExtensionPoint: org.jetbrains.dokka.analysis.java.JavaAnalysisPlugin/kotlinLightMethodChecker,
	ExtensionPoint: org.jetbrains.dokka.analysis.java.JavaAnalysisPlugin/inheritDocTagContentProviders,
	ExtensionPoint: org.jetbrains.dokka.analysis.java.JavaAnalysisPlugin/sourceRootsExtractor,
	ExtensionPoint: org.jetbrains.dokka.analysis.java.JavaAnalysisPlugin/projectProvider,
	ExtensionPoint: org.jetbrains.dokka.CoreExtensions/postActions,
	ExtensionPoint: org.jetbrains.dokka.analysis.kotlin.symbols.plugin.SymbolsAnalysisPlugin/kotlinAnalysis,
	Extension: org.jetbrains.dokka.base.DokkaBase/sourceSetIdUniquenessChecker,
	Extension: org.jetbrains.dokka.analysis.kotlin.symbols.plugin.SymbolsAnalysisPlugin/sourceRootIndependentChecker,
	Extension: org.jetbrains.dokka.base.DokkaBase/pathToRootConsumer,
	Extension: org.jetbrains.dokka.base.DokkaBase/replaceVersionConsumer,
	Extension: org.jetbrains.dokka.base.DokkaBase/resolveLinkConsumer,
	Extension: org.jetbrains.dokka.base.DokkaBase/defaultSamplesTransformer,
	Extension: org.jetbrains.dokka.base.DokkaBase/sourceSetMerger,
	Extension: org.jetbrains.dokka.base.DokkaBase/pageMerger,
	Extension: org.jetbrains.dokka.base.DokkaBase/rootCreator,
	Extension: org.jetbrains.dokka.base.DokkaBase/sourcesetDependencyAppender,
	Extension: org.jetbrains.dokka.base.DokkaBase/packageListCreator,
	Extension: org.jetbrains.dokka.base.DokkaBase/assetsInstaller,
	Extension: org.jetbrains.dokka.base.DokkaBase/stylesInstaller,
	Extension: org.jetbrains.dokka.base.DokkaBase/scriptsInstaller,
	Extension: org.jetbrains.dokka.base.DokkaBase/customResourceInstaller,
	Extension: org.jetbrains.dokka.base.DokkaBase/navigationPageInstaller,
	Extension: org.jetbrains.dokka.base.DokkaBase/sourceLinksTransformer,
	Extension: org.jetbrains.dokka.base.DokkaBase/baseSearchbarDataInstaller,
	Extension: org.jetbrains.dokka.base.DokkaBase/fileWriter,
	Extension: org.jetbrains.dokka.base.DokkaBase/dokkaLocationProvider,
	Extension: org.jetbrains.dokka.base.DokkaBase/javadocLocationProvider,
	Extension: org.jetbrains.dokka.base.DokkaBase/locationProvider,
	Extension: org.jetbrains.dokka.base.DokkaBase/htmlRenderer,
	Extension: org.jetbrains.dokka.base.DokkaBase/sameMethodNameMerger,
	Extension: org.jetbrains.dokka.base.DokkaBase/fallbackMerger,
	Extension: org.jetbrains.dokka.base.DokkaBase/docTagToContentConverter,
	Extension: org.jetbrains.dokka.base.DokkaBase/documentableToPageTranslator,
	Extension: org.jetbrains.dokka.base.DokkaBase/extensionsExtractor,
	Extension: org.jetbrains.dokka.base.DokkaBase/undocumentedCodeReporter,
	Extension: org.jetbrains.dokka.base.DokkaBase/inheritorsExtractor,
	Extension: org.jetbrains.dokka.base.DokkaBase/actualTypealiasAdder,
	Extension: org.jetbrains.dokka.base.DokkaBase/kotlinSignatureProvider,
	Extension: org.jetbrains.dokka.base.DokkaBase/inheritedEntriesVisbilityFilter,
	Extension: org.jetbrains.dokka.base.DokkaBase/obviousFunctionsVisbilityFilter,
	Extension: org.jetbrains.dokka.base.DokkaBase/documentableVisibilityFilter,
	Extension: org.jetbrains.dokka.base.DokkaBase/jvmMappedMethodsFilter,
	Extension: org.jetbrains.dokka.base.DokkaBase/kotlinArrayDocumentableReplacer,
	Extension: org.jetbrains.dokka.base.DokkaBase/suppressedBySuppressTagDocumentableFilter,
	Extension: org.jetbrains.dokka.base.DokkaBase/suppressedDocumentableFilter,
	Extension: org.jetbrains.dokka.base.DokkaBase/deprecatedDocumentableFilter,
	Extension: org.jetbrains.dokka.base.DokkaBase/emptyPackagesFilter,
	Extension: org.jetbrains.dokka.base.DokkaBase/emptyModulesFilter,
	Extension: org.jetbrains.dokka.base.DokkaBase/modulesAndPackagesDocumentation,
	Extension: org.jetbrains.dokka.base.DokkaBase/documentableMerger,
	Extension: org.jetbrains.dokka.base.DokkaBase/singleGeneration,
	Extension: org.jetbrains.dokka.templates.TemplatingPlugin/replaceVersionCommandHandler,
	Extension: org.jetbrains.dokka.templates.TemplatingPlugin/substitutionCommandHandler,
	Extension: org.jetbrains.dokka.templates.TemplatingPlugin/addToNavigationCommandHandler,
	Extension: org.jetbrains.dokka.templates.TemplatingPlugin/projectNameSubstitutor,
	Extension: org.jetbrains.dokka.templates.TemplatingPlugin/pathToRootSubstitutor,
	Extension: org.jetbrains.dokka.templates.TemplatingPlugin/packageListProcessingStrategy,
	Extension: org.jetbrains.dokka.templates.TemplatingPlugin/pagesSearchTemplateStrategy,
	Extension: org.jetbrains.dokka.templates.TemplatingPlugin/sourcesetDependencyProcessingStrategy,
	Extension: org.jetbrains.dokka.templates.TemplatingPlugin/directiveBasedHtmlTemplateProcessingStrategy,
	Extension: org.jetbrains.dokka.templates.TemplatingPlugin/fallbackProcessingStrategy,
	Extension: org.jetbrains.dokka.templates.TemplatingPlugin/defaultMultiModuleTemplateProcessor,
	Extension: org.jetbrains.dokka.templates.TemplatingPlugin/defaultSubmoduleTemplateProcessor,
	Extension: org.jetbrains.dokka.analysis.java.JavaAnalysisPlugin/psiToDocumentableTranslator,
	Extension: org.jetbrains.dokka.analysis.kotlin.symbols.plugin.SymbolsAnalysisPlugin/symbolToDocumentableTranslator,
	Extension: org.jetbrains.dokka.analysis.java.JavaAnalysisPlugin/javaDocCommentParser,
	Extension: org.jetbrains.dokka.analysis.kotlin.symbols.plugin.SymbolsAnalysisPlugin/kotlinDocCommentParser,
	Extension: org.jetbrains.dokka.analysis.java.JavaAnalysisPlugin/javaDocCommentCreator,
	Extension: org.jetbrains.dokka.analysis.kotlin.symbols.plugin.SymbolsAnalysisPlugin/kotlinDocCommentCreator,
	Extension: org.jetbrains.dokka.analysis.kotlin.symbols.plugin.SymbolsAnalysisPlugin/symbolSampleAnalysisEnvironmentCreator,
	Extension: org.jetbrains.dokka.analysis.kotlin.symbols.plugin.SymbolsAnalysisPlugin/symbolExternalDocumentableProvider,
	Extension: org.jetbrains.dokka.analysis.kotlin.symbols.plugin.SymbolsAnalysisPlugin/symbolInheritanceBuilder,
	Extension: org.jetbrains.dokka.analysis.kotlin.symbols.plugin.SymbolsAnalysisPlugin/kotlinToJavaMapper,
	Extension: org.jetbrains.dokka.analysis.kotlin.symbols.plugin.SymbolsAnalysisPlugin/moduleAndPackageDocumentationReader,
	Extension: org.jetbrains.dokka.analysis.kotlin.symbols.plugin.SymbolsAnalysisPlugin/symbolSyntheticDocumentableDetector,
	Extension: org.jetbrains.dokka.analysis.kotlin.symbols.plugin.SymbolsAnalysisPlugin/symbolFullClassHierarchyBuilder,
	Extension: org.jetbrains.dokka.analysis.kotlin.symbols.plugin.SymbolsAnalysisPlugin/symbolAnalyzerImpl,
	Extension: org.jetbrains.dokka.analysis.kotlin.symbols.plugin.SymbolsAnalysisPlugin/kotlinLightMethodChecker,
	Extension: org.jetbrains.dokka.analysis.kotlin.symbols.plugin.SymbolsAnalysisPlugin/inheritDocTagProvider,
	Extension: org.jetbrains.dokka.analysis.kotlin.symbols.plugin.SymbolsAnalysisPlugin/sourceRootsExtractor,
	Extension: org.jetbrains.dokka.analysis.kotlin.symbols.plugin.SymbolsAnalysisPlugin/projectProvider,
	Extension: org.jetbrains.dokka.analysis.kotlin.symbols.plugin.SymbolsAnalysisPlugin/disposeKotlinAnalysisPostAction,
	Extension: org.jetbrains.dokka.analysis.kotlin.symbols.plugin.SymbolsAnalysisPlugin/defaultKotlinAnalysis
]
[INFO] Suppressed: [

]
[PROGRESS] Dokka is performing: documentation for excel
[PROGRESS] Validity check
[PROGRESS] Creating documentation models
[PROGRESS] Transforming documentation model before merging
[PROGRESS] Merging documentation models
[PROGRESS] Transforming documentation model after merging
[PROGRESS] Creating pages
[PROGRESS] Transforming pages
[PROGRESS] Rendering
[PROGRESS] Running post-actions
[INFO] Unused extension points found: ExtensionPoint: org.jetbrains.dokka.templates.TemplatingPlugin/directiveBasedCommandHandlers, ExtensionPoint: org.jetbrains.dokka.templates.TemplatingPlugin/substitutor, ExtensionPoint: org.jetbrains.dokka.templates.TemplatingPlugin/templateProcessingStrategy, ExtensionPoint: org.jetbrains.dokka.templates.TemplatingPlugin/multimoduleTemplateProcessor, ExtensionPoint: org.jetbrains.dokka.templates.TemplatingPlugin/submoduleTemplateProcessor, ExtensionPoint: org.jetbrains.dokka.analysis.kotlin.KotlinAnalysisPlugin/externalDocumentableProvider, ExtensionPoint: org.jetbrains.dokka.analysis.kotlin.internal.InternalKotlinAnalysisPlugin/inheritanceBuilder, ExtensionPoint: org.jetbrains.dokka.analysis.kotlin.internal.InternalKotlinAnalysisPlugin/kotlinToJavaService, ExtensionPoint: org.jetbrains.dokka.analysis.kotlin.internal.InternalKotlinAnalysisPlugin/syntheticDocumentableDetector
[INFO] Generation completed successfully
[INFO] 

 === TIME MEASUREMENT ===

                           Initializing plugins:   625
                                 Validity check:     9
                  Creating documentation models: 17964
Transforming documentation model before merging:    31
                   Merging documentation models:     2
 Transforming documentation model after merging:    20
                                 Creating pages:   326
                             Transforming pages:   205
                                      Rendering:  2220

[INFO] DokkaGeneratorWorker completed in PT28.981210083S
