[PROGRESS] Executing DokkaGeneratorWorker with dokkaParameters: DokkaConfigurationImpl(moduleName=csv, moduleVersion=null, outputDir=/Users/runner/work/Toolbox/Toolbox/library/modules/csv/build/dokka/html, cacheRoot=null, offlineMode=false, sourceSets=[DokkaSourceSetImpl(displayName=android, sourceSetID=:toolbox:modules:csv/androidMain, classpath=[/Users/runner/Library/Android/sdk/platforms/android-37.0/android.jar, /Users/runner/Library/Android/sdk/build-tools/36.0.0/core-lambda-stubs.jar, /Users/runner/work/Toolbox/Toolbox/library/core/build/intermediates/compile_library_classes_jar/androidMain/bundleAndroidMainClassesToCompileJar/classes.jar, /Users/runner/.gradle/caches/9.7.1/transforms/e610479ccf0e8f508df66debdf160bfa/transformed/activity-1.13.0-api.jar, /Users/runner/.gradle/caches/9.7.1/transforms/c88617169a72755074284e8025caf603/transformed/activity-compose-1.13.0-api.jar, /Users/runner/.gradle/caches/9.7.1/transforms/59ca82dc2acddf2a5b81fa54535e142d/transformed/core-1.18.0-api.jar, /Users/runner/.gradle/caches/9.7.1/transforms/e0665c8cf547f2597f5674a40d8eedce/transformed/lifecycle-livedata-core-2.9.4-api.jar, /Users/runner/.gradle/caches/9.7.1/transforms/fb455cdcc7572deac751e41945c2f163/transformed/lifecycle-runtime-release-api.jar, /Users/runner/.gradle/caches/modules-2/files-2.1/androidx.lifecycle/lifecycle-common-jvm/2.9.4/ab739bccdb3541983385af169565c7c035d897e7/lifecycle-common-jvm-2.9.4.jar, /Users/runner/.gradle/caches/9.7.1/transforms/92d146563592a454c6ed2c4c9e7f4d3b/transformed/lifecycle-viewmodel-release-api.jar, /Users/runner/.gradle/caches/9.7.1/transforms/781f27b90eec9242528ba30570c2f1bc/transformed/lifecycle-viewmodel-savedstate-release-api.jar, /Users/runner/.gradle/caches/9.7.1/transforms/116f3a8bd48b8b02660fcea35aceb07c/transformed/core-ktx-1.18.0-api.jar, /Users/runner/.gradle/caches/9.7.1/transforms/4bc2aef6c30eacf2f2ef852c31e63a95/transformed/navigationevent-api.jar, /Users/runner/.gradle/caches/9.7.1/transforms/7364eccef24936cd35f39908770c2b08/transformed/navigationevent-compose-api.jar, /Users/runner/.gradle/caches/9.7.1/transforms/09444be0e0e05afc2415087ce178ff2e/transformed/ui-1.0.1-api.jar, /Users/runner/.gradle/caches/9.7.1/transforms/405ea81d95cb0ff3e29041a7d830baa7/transformed/runtime-saveable-api.jar, /Users/runner/.gradle/caches/9.7.1/transforms/95912a2909feb0778e927cbb577cafa7/transformed/runtime-annotation-api.jar, /Users/runner/.gradle/caches/9.7.1/transforms/7435bfdaa1b9b86b787e7ccf6f80e1af/transformed/savedstate-release-api.jar, /Users/runner/.gradle/caches/9.7.1/transforms/51a42339cee5a85542022b5c5d270216/transformed/savedstate-compose-api.jar, /Users/runner/.gradle/caches/9.7.1/transforms/43f2c8550b8f030744d72bc7316e11d5/transformed/runtime-api.jar, /Users/runner/.gradle/caches/modules-2/files-2.1/org.jetbrains.kotlinx/kotlinx-coroutines-android/1.11.0/51ffb50a6478872fbbac6cbd48f09553bf4e9e7d/kotlinx-coroutines-android-1.11.0.jar, /Users/runner/.gradle/caches/modules-2/files-2.1/org.jetbrains.kotlinx/kotlinx-coroutines-core-jvm/1.11.0/3d57dc678bd8d72a60e7adf0eca5c54e3f4f4b79/kotlinx-coroutines-core-jvm-1.11.0.jar, /Users/runner/.gradle/caches/9.7.1/transforms/9362d738a1f2981f9ee9d948ec260008/transformed/library-release-api.jar, /Users/runner/.gradle/caches/9.7.1/transforms/7815eed5d02e5ffed491edde91b8becf/transformed/core-api.jar, /Users/runner/.gradle/caches/9.7.1/transforms/b85c05ee83d953755bf5216c339bc1d5/transformed/core-api.jar, /Users/runner/.gradle/caches/9.7.1/transforms/8ead5db1b77cee6b1a91c1b4c1c6515c/transformed/library-api.jar, /Users/runner/.gradle/caches/9.7.1/transforms/772bd837bf891d8341bf3f97a5dca456/transformed/core-viewtree-1.0.0-api.jar, /Users/runner/.gradle/caches/9.7.1/transforms/15a53d75291a12189db764c2650cda5a/transformed/annotation-experimental-1.4.1-api.jar, /Users/runner/.gradle/caches/9.7.1/transforms/a9cb0bb55fd8c873e79fa0f6a47a9988/transformed/ui-text-1.0.1-api.jar, /Users/runner/.gradle/caches/9.7.1/transforms/e5d9499a8c5a21b97f939dc35a53eeb4/transformed/ui-graphics-1.0.1-api.jar, /Users/runner/.gradle/caches/9.7.1/transforms/a609b8b9d23c2a135697f8cc4d27e129/transformed/ui-unit-1.0.1-api.jar, /Users/runner/.gradle/caches/9.7.1/transforms/509f2e4acc607bf18254d6011191bfab/transformed/ui-geometry-1.0.1-api.jar, /Users/runner/.gradle/caches/9.7.1/transforms/d089fda5a3bed0af7d79497aa7de6189/transformed/versionedparcelable-1.1.1-api.jar, /Users/runner/.gradle/caches/modules-2/files-2.1/androidx.collection/collection/1.0.0/42858b26cafdaa69b6149f45dfc2894007bc2c7a/collection-1.0.0.jar, /Users/runner/.gradle/caches/modules-2/files-2.1/androidx.arch.core/core-common/2.2.0/5e1b8b81dfd5f52c56a8d53b18ca759c19a301f3/core-common-2.2.0.jar, /Users/runner/.gradle/caches/modules-2/files-2.1/androidx.annotation/annotation-jvm/1.9.1/b17951747e38bf3986a24431b9ba0d039958aa5f/annotation-jvm-1.9.1.jar, /Users/runner/.gradle/caches/modules-2/files-2.1/org.jetbrains.kotlinx/kotlinx-serialization-core-jvm/1.7.3/1f226780b845ff9206474c05159245d861556249/kotlinx-serialization-core-jvm-1.7.3.jar, /Users/runner/.gradle/caches/modules-2/files-2.1/org.jetbrains.kotlin/kotlin-stdlib/2.4.20/94c1451890d164aed65d43b3db0b7ecef7c183e7/kotlin-stdlib-2.4.20.jar, /Users/runner/.gradle/caches/modules-2/files-2.1/org.apache.commons/commons-csv/1.14.1/467354980fade8528b6a9f9bdf7f4f19ab9b3373/commons-csv-1.14.1.jar, /Users/runner/.gradle/caches/9.7.1/transforms/2962740f98614e294febfceb0d943729/transformed/process-phoenix-3.0.0-api.jar, /Users/runner/.gradle/caches/modules-2/files-2.1/org.jetbrains/annotations/23.0.0/8cc20c07506ec18e0834947b84a864bfc094484e/annotations-23.0.0.jar, /Users/runner/.gradle/caches/modules-2/files-2.1/commons-io/commons-io/2.20.0/36f3474daec2849c149e877614e7f979b2082cd2/commons-io-2.20.0.jar, /Users/runner/.gradle/caches/modules-2/files-2.1/commons-codec/commons-codec/1.19.0/8c0dbe3ae883fceda9b50a6c76e745e548073388/commons-codec-1.19.0.jar, /Users/runner/.gradle/caches/modules-2/files-2.1/com.google.guava/listenablefuture/1.0/c949a840a6acbc5268d088e47b04177bf90b3cad/listenablefuture-1.0.jar, /Users/runner/.gradle/caches/modules-2/files-2.1/org.jspecify/jspecify/1.0.0/7425a601c1c7ec76645a78d22b8c6a627edee507/jspecify-1.0.0.jar], sourceRoots=[], dependentSourceSets=[:toolbox:modules:csv/commonMain, :toolbox:modules:csv/javaMain], samples=[], includes=[], includeNonPublic=false, reportUndocumented=false, skipEmptyPackages=true, skipDeprecated=false, jdkVersion=11, sourceLinks=[], perPackageOptions=[], externalDocumentationLinks=[ExternalDocumentationLinkImpl(url=https://developer.android.com/reference/kotlin/, packageListUrl=https://developer.android.com/reference/kotlin/package-list), ExternalDocumentationLinkImpl(url=https://developer.android.com/reference/kotlin/, packageListUrl=https://developer.android.com/reference/kotlin/androidx/package-list), ExternalDocumentationLinkImpl(url=https://docs.oracle.com/en/java/javase/11/docs/api/, packageListUrl=https://docs.oracle.com/en/java/javase/11/docs/api/element-list), ExternalDocumentationLinkImpl(url=https://kotlinlang.org/api/core/, packageListUrl=https://kotlinlang.org/api/core/package-list)], languageVersion=null, apiVersion=null, noStdlibLink=false, noJdkLink=false, suppressedFiles=[/Users/runner/work/Toolbox/Toolbox/library/modules/csv/build/generated], analysisPlatform=jvm, documentedVisibilities=[PUBLIC]), DokkaSourceSetImpl(displayName=common, sourceSetID=:toolbox:modules:csv/commonMain, classpath=[/Users/runner/.gradle/caches/modules-2/files-2.1/androidx.arch.core/core-common/2.2.0/5e1b8b81dfd5f52c56a8d53b18ca759c19a301f3/core-common-2.2.0.jar, /Users/runner/.gradle/caches/modules-2/files-2.1/org.apache.commons/commons-csv/1.14.1/467354980fade8528b6a9f9bdf7f4f19ab9b3373/commons-csv-1.14.1.jar, /Users/runner/.gradle/caches/modules-2/files-2.1/commons-io/commons-io/2.20.0/36f3474daec2849c149e877614e7f979b2082cd2/commons-io-2.20.0.jar, /Users/runner/.gradle/caches/modules-2/files-2.1/commons-codec/commons-codec/1.19.0/8c0dbe3ae883fceda9b50a6c76e745e548073388/commons-codec-1.19.0.jar, /Users/runner/work/Toolbox/Toolbox/library/core/build/classes/kotlin/metadata/javaMain, /Users/runner/work/Toolbox/Toolbox/library/core/build/classes/kotlin/metadata/featureFileSupportMain, /Users/runner/work/Toolbox/Toolbox/library/core/build/classes/kotlin/metadata/commonMain, /Users/runner/work/Toolbox/Toolbox/library/modules/csv/build/kotlinTransformedMetadataLibraries/commonMain/org.jetbrains.kotlin-kotlin-stdlib-2.4.20-commonMain-MgaIfA.klib, /Users/runner/work/Toolbox/Toolbox/library/modules/csv/build/kotlinTransformedMetadataLibraries/commonMain/org.jetbrains.kotlinx-kotlinx-coroutines-core-1.11.0-concurrentMain-BviMwQ.klib, /Users/runner/work/Toolbox/Toolbox/library/modules/csv/build/kotlinTransformedMetadataLibraries/commonMain/org.jetbrains.kotlinx-kotlinx-coroutines-core-1.11.0-commonMain-BviMwQ.klib, /Users/runner/work/Toolbox/Toolbox/library/modules/csv/build/kotlinTransformedMetadataLibraries/commonMain/org.jetbrains.compose.components-components-resources-1.12.0-blockingMain-x-IbKw.klib, /Users/runner/work/Toolbox/Toolbox/library/modules/csv/build/kotlinTransformedMetadataLibraries/commonMain/org.jetbrains.compose.components-components-resources-1.12.0-commonMain-x-IbKw.klib, /Users/runner/work/Toolbox/Toolbox/library/modules/csv/build/kotlinTransformedMetadataLibraries/commonMain/io.github.mflisar.kmpplatformcontext-core-2.0.2-notWasmMain-3aQvHA.klib, /Users/runner/work/Toolbox/Toolbox/library/modules/csv/build/kotlinTransformedMetadataLibraries/commonMain/io.github.mflisar.kmpplatformcontext-core-2.0.2-commonMain-3aQvHA.klib, /Users/runner/work/Toolbox/Toolbox/library/modules/csv/build/kotlinTransformedMetadataLibraries/commonMain/io.github.mflisar.lumberjack-core-12.0.0-featureIO-z2D0-g.klib, /Users/runner/work/Toolbox/Toolbox/library/modules/csv/build/kotlinTransformedMetadataLibraries/commonMain/io.github.mflisar.lumberjack-core-12.0.0-commonMain-z2D0-g.klib, /Users/runner/work/Toolbox/Toolbox/library/modules/csv/build/kotlinTransformedMetadataLibraries/commonMain/io.github.mflisar.kmpparcelize-library-2.0.0-commonMain--DAVPA.klib], sourceRoots=[], dependentSourceSets=[], samples=[], includes=[], includeNonPublic=false, reportUndocumented=false, skipEmptyPackages=true, skipDeprecated=false, jdkVersion=11, sourceLinks=[], perPackageOptions=[], externalDocumentationLinks=[ExternalDocumentationLinkImpl(url=https://docs.oracle.com/en/java/javase/11/docs/api/, packageListUrl=https://docs.oracle.com/en/java/javase/11/docs/api/element-list), ExternalDocumentationLinkImpl(url=https://kotlinlang.org/api/core/, packageListUrl=https://kotlinlang.org/api/core/package-list)], languageVersion=null, apiVersion=null, noStdlibLink=false, noJdkLink=false, suppressedFiles=[/Users/runner/work/Toolbox/Toolbox/library/modules/csv/build/generated], analysisPlatform=jvm, documentedVisibilities=[PUBLIC]), DokkaSourceSetImpl(displayName=java, sourceSetID=:toolbox:modules:csv/javaMain, classpath=[/Users/runner/work/Toolbox/Toolbox/library/modules/csv/build/classes/kotlin/metadata/commonMain, /Users/runner/.gradle/caches/modules-2/files-2.1/androidx.arch.core/core-common/2.2.0/5e1b8b81dfd5f52c56a8d53b18ca759c19a301f3/core-common-2.2.0.jar, /Users/runner/.gradle/caches/modules-2/files-2.1/org.apache.commons/commons-csv/1.14.1/467354980fade8528b6a9f9bdf7f4f19ab9b3373/commons-csv-1.14.1.jar, /Users/runner/.gradle/caches/modules-2/files-2.1/commons-io/commons-io/2.20.0/36f3474daec2849c149e877614e7f979b2082cd2/commons-io-2.20.0.jar, /Users/runner/.gradle/caches/modules-2/files-2.1/commons-codec/commons-codec/1.19.0/8c0dbe3ae883fceda9b50a6c76e745e548073388/commons-codec-1.19.0.jar, /Users/runner/work/Toolbox/Toolbox/library/core/build/classes/kotlin/metadata/javaMain, /Users/runner/work/Toolbox/Toolbox/library/core/build/classes/kotlin/metadata/featureFileSupportMain, /Users/runner/work/Toolbox/Toolbox/library/core/build/classes/kotlin/metadata/commonMain, /Users/runner/work/Toolbox/Toolbox/library/modules/csv/build/kotlinTransformedMetadataLibraries/commonMain/org.jetbrains.kotlin-kotlin-stdlib-2.4.20-commonMain-MgaIfA.klib, /Users/runner/work/Toolbox/Toolbox/library/modules/csv/build/kotlinTransformedMetadataLibraries/commonMain/org.jetbrains.kotlinx-kotlinx-coroutines-core-1.11.0-concurrentMain-BviMwQ.klib, /Users/runner/work/Toolbox/Toolbox/library/modules/csv/build/kotlinTransformedMetadataLibraries/commonMain/org.jetbrains.kotlinx-kotlinx-coroutines-core-1.11.0-commonMain-BviMwQ.klib, /Users/runner/work/Toolbox/Toolbox/library/modules/csv/build/kotlinTransformedMetadataLibraries/commonMain/org.jetbrains.compose.components-components-resources-1.12.0-blockingMain-x-IbKw.klib, /Users/runner/work/Toolbox/Toolbox/library/modules/csv/build/kotlinTransformedMetadataLibraries/commonMain/org.jetbrains.compose.components-components-resources-1.12.0-commonMain-x-IbKw.klib, /Users/runner/work/Toolbox/Toolbox/library/modules/csv/build/kotlinTransformedMetadataLibraries/commonMain/io.github.mflisar.kmpplatformcontext-core-2.0.2-notWasmMain-3aQvHA.klib, /Users/runner/work/Toolbox/Toolbox/library/modules/csv/build/kotlinTransformedMetadataLibraries/commonMain/io.github.mflisar.kmpplatformcontext-core-2.0.2-commonMain-3aQvHA.klib, /Users/runner/work/Toolbox/Toolbox/library/modules/csv/build/kotlinTransformedMetadataLibraries/commonMain/io.github.mflisar.lumberjack-core-12.0.0-featureIO-z2D0-g.klib, /Users/runner/work/Toolbox/Toolbox/library/modules/csv/build/kotlinTransformedMetadataLibraries/commonMain/io.github.mflisar.lumberjack-core-12.0.0-commonMain-z2D0-g.klib, /Users/runner/work/Toolbox/Toolbox/library/modules/csv/build/kotlinTransformedMetadataLibraries/commonMain/io.github.mflisar.kmpparcelize-library-2.0.0-commonMain--DAVPA.klib], sourceRoots=[/Users/runner/work/Toolbox/Toolbox/library/modules/csv/src/javaMain/kotlin/com/michaelflisar/toolbox/csv/CSV.kt, /Users/runner/work/Toolbox/Toolbox/library/modules/csv/src/javaMain/kotlin/com/michaelflisar/toolbox/csv/CSVManager.kt], dependentSourceSets=[:toolbox:modules:csv/commonMain], samples=[], includes=[], includeNonPublic=false, reportUndocumented=false, skipEmptyPackages=true, skipDeprecated=false, jdkVersion=11, sourceLinks=[], perPackageOptions=[], externalDocumentationLinks=[ExternalDocumentationLinkImpl(url=https://docs.oracle.com/en/java/javase/11/docs/api/, packageListUrl=https://docs.oracle.com/en/java/javase/11/docs/api/element-list), ExternalDocumentationLinkImpl(url=https://kotlinlang.org/api/core/, packageListUrl=https://kotlinlang.org/api/core/package-list)], languageVersion=null, apiVersion=null, noStdlibLink=false, noJdkLink=false, suppressedFiles=[/Users/runner/work/Toolbox/Toolbox/library/modules/csv/build/generated], analysisPlatform=jvm, documentedVisibilities=[PUBLIC]), DokkaSourceSetImpl(displayName=jvm, sourceSetID=:toolbox:modules:csv/jvmMain, classpath=[/Users/runner/work/Toolbox/Toolbox/library/core/build/libs/core-jvm.jar, /Users/runner/.gradle/caches/modules-2/files-2.1/org.jetbrains.kotlinx/kotlinx-coroutines-core-jvm/1.11.0/3d57dc678bd8d72a60e7adf0eca5c54e3f4f4b79/kotlinx-coroutines-core-jvm-1.11.0.jar, /Users/runner/.gradle/caches/modules-2/files-2.1/org.jetbrains.compose.components/components-resources-desktop/1.12.0/7fdb66431787bd9615dc099a4ee83682297a02cf/library-desktop-1.12.0.jar, /Users/runner/.gradle/caches/modules-2/files-2.1/io.github.mflisar.kmpplatformcontext/core-jvm/2.0.2/aa0208c296a85f1dd03e34c010783d8f4b2358e7/core-jvm.jar, /Users/runner/.gradle/caches/modules-2/files-2.1/io.github.mflisar.lumberjack/core-jvm/12.0.0/58c95c05a55afbebcd053d1dc5d470efc996f042/core-jvm.jar, /Users/runner/.gradle/caches/modules-2/files-2.1/io.github.mflisar.kmpparcelize/library-jvm/2.0.0/9fb81d8568bd353d8485a169548b5b248dd8f38f/library-jvm.jar, /Users/runner/.gradle/caches/modules-2/files-2.1/org.jetbrains.kotlin/kotlin-stdlib/2.4.20/94c1451890d164aed65d43b3db0b7ecef7c183e7/kotlin-stdlib-2.4.20.jar, /Users/runner/.gradle/caches/modules-2/files-2.1/org.apache.commons/commons-csv/1.14.1/467354980fade8528b6a9f9bdf7f4f19ab9b3373/commons-csv-1.14.1.jar, /Users/runner/.gradle/caches/modules-2/files-2.1/org.jetbrains/annotations/23.0.0/8cc20c07506ec18e0834947b84a864bfc094484e/annotations-23.0.0.jar, /Users/runner/.gradle/caches/modules-2/files-2.1/commons-io/commons-io/2.20.0/36f3474daec2849c149e877614e7f979b2082cd2/commons-io-2.20.0.jar, /Users/runner/.gradle/caches/modules-2/files-2.1/commons-codec/commons-codec/1.19.0/8c0dbe3ae883fceda9b50a6c76e745e548073388/commons-codec-1.19.0.jar], sourceRoots=[], dependentSourceSets=[:toolbox:modules:csv/commonMain, :toolbox:modules:csv/javaMain], samples=[], includes=[], includeNonPublic=false, reportUndocumented=false, skipEmptyPackages=true, skipDeprecated=false, jdkVersion=11, sourceLinks=[], perPackageOptions=[], externalDocumentationLinks=[ExternalDocumentationLinkImpl(url=https://docs.oracle.com/en/java/javase/11/docs/api/, packageListUrl=https://docs.oracle.com/en/java/javase/11/docs/api/element-list), ExternalDocumentationLinkImpl(url=https://kotlinlang.org/api/core/, packageListUrl=https://kotlinlang.org/api/core/package-list)], languageVersion=null, apiVersion=null, noStdlibLink=false, noJdkLink=false, suppressedFiles=[/Users/runner/work/Toolbox/Toolbox/library/modules/csv/build/generated], analysisPlatform=jvm, documentedVisibilities=[PUBLIC])], pluginsClasspath=[/Users/runner/.gradle/caches/modules-2/files-2.1/org.jetbrains.dokka/templating-plugin/2.2.0/c3c13a48444b9c22e5286e88581ce0334e25352d/templating-plugin-2.2.0.jar, /Users/runner/.gradle/caches/modules-2/files-2.1/org.jetbrains.dokka/dokka-base/2.2.0/84b0c641ea99d74ba3e251b6a0e33c5ead8d4312/dokka-base-2.2.0.jar], pluginsConfiguration=[PluginConfigurationImpl(fqPluginName=org.jetbrains.dokka.base.DokkaBase, serializationFormat=JSON, values={"customAssets":[],"customStyleSheets":[],"separateInheritedMembers":false,"mergeImplicitExpectActualDeclarations":false}), PluginConfigurationImpl(fqPluginName=org.jetbrains.dokka.kotlinPlaygroundSamples.KotlinPlaygroundSamplesPlugin, serializationFormat=JSON, values={}), PluginConfigurationImpl(fqPluginName=org.jetbrains.dokka.versioning.VersioningPlugin, serializationFormat=JSON, values={"olderVersions":[],"olderVersionsDirName":"older","renderVersionsNavigationOnAllPages":true})], modules=[], failOnWarning=false, delayTemplateSubstitution=false, suppressObviousFunctions=true, includes=[], suppressInheritedMembers=false, finalizeCoroutines=false)
[PROGRESS] Initializing plugins
[INFO] Loaded plugins: [org.jetbrains.dokka.analysis.kotlin.symbols.plugin.SymbolsAnalysisPlugin, org.jetbrains.dokka.analysis.java.JavaAnalysisPlugin, org.jetbrains.dokka.templates.TemplatingPlugin, org.jetbrains.dokka.base.DokkaBase]
[INFO] Loaded: [
	ExtensionPoint: org.jetbrains.dokka.CoreExtensions/preGenerationCheck,
	ExtensionPoint: org.jetbrains.dokka.base.DokkaBase/immediateHtmlCommandConsumer,
	ExtensionPoint: org.jetbrains.dokka.CoreExtensions/pageTransformer,
	ExtensionPoint: org.jetbrains.dokka.base.DokkaBase/htmlPreprocessors,
	ExtensionPoint: org.jetbrains.dokka.base.DokkaBase/outputWriter,
	ExtensionPoint: org.jetbrains.dokka.base.DokkaBase/externalLocationProviderFactory,
	ExtensionPoint: org.jetbrains.dokka.base.DokkaBase/locationProviderFactory,
	ExtensionPoint: org.jetbrains.dokka.CoreExtensions/renderer,
	ExtensionPoint: org.jetbrains.dokka.base.DokkaBase/pageMergerStrategy,
	ExtensionPoint: org.jetbrains.dokka.base.DokkaBase/commentsToContentConverter,
	ExtensionPoint: org.jetbrains.dokka.CoreExtensions/documentableToPageTranslator,
	ExtensionPoint: org.jetbrains.dokka.CoreExtensions/documentableTransformer,
	ExtensionPoint: org.jetbrains.dokka.base.DokkaBase/signatureProvider,
	ExtensionPoint: org.jetbrains.dokka.base.DokkaBase/preMergeDocumentableTransformer,
	ExtensionPoint: org.jetbrains.dokka.CoreExtensions/documentableMerger,
	ExtensionPoint: org.jetbrains.dokka.CoreExtensions/generation,
	ExtensionPoint: org.jetbrains.dokka.templates.TemplatingPlugin/directiveBasedCommandHandlers,
	ExtensionPoint: org.jetbrains.dokka.templates.TemplatingPlugin/substitutor,
	ExtensionPoint: org.jetbrains.dokka.templates.TemplatingPlugin/templateProcessingStrategy,
	ExtensionPoint: org.jetbrains.dokka.templates.TemplatingPlugin/multimoduleTemplateProcessor,
	ExtensionPoint: org.jetbrains.dokka.templates.TemplatingPlugin/submoduleTemplateProcessor,
	ExtensionPoint: org.jetbrains.dokka.CoreExtensions/sourceToDocumentableTranslator,
	ExtensionPoint: org.jetbrains.dokka.analysis.java.JavaAnalysisPlugin/docCommentParsers,
	ExtensionPoint: org.jetbrains.dokka.analysis.java.JavaAnalysisPlugin/docCommentCreators,
	ExtensionPoint: org.jetbrains.dokka.analysis.kotlin.KotlinAnalysisPlugin/sampleAnalysisEnvironmentCreator,
	ExtensionPoint: org.jetbrains.dokka.analysis.kotlin.KotlinAnalysisPlugin/externalDocumentableProvider,
	ExtensionPoint: org.jetbrains.dokka.analysis.kotlin.internal.InternalKotlinAnalysisPlugin/inheritanceBuilder,
	ExtensionPoint: org.jetbrains.dokka.analysis.kotlin.internal.InternalKotlinAnalysisPlugin/kotlinToJavaService,
	ExtensionPoint: org.jetbrains.dokka.analysis.kotlin.internal.InternalKotlinAnalysisPlugin/moduleAndPackageDocumentationReader,
	ExtensionPoint: org.jetbrains.dokka.analysis.kotlin.internal.InternalKotlinAnalysisPlugin/syntheticDocumentableDetector,
	ExtensionPoint: org.jetbrains.dokka.analysis.kotlin.internal.InternalKotlinAnalysisPlugin/fullClassHierarchyBuilder,
	ExtensionPoint: org.jetbrains.dokka.analysis.kotlin.internal.InternalKotlinAnalysisPlugin/documentableSourceLanguageParser,
	ExtensionPoint: org.jetbrains.dokka.analysis.java.JavaAnalysisPlugin/kotlinLightMethodChecker,
	ExtensionPoint: org.jetbrains.dokka.analysis.java.JavaAnalysisPlugin/inheritDocTagContentProviders,
	ExtensionPoint: org.jetbrains.dokka.analysis.java.JavaAnalysisPlugin/sourceRootsExtractor,
	ExtensionPoint: org.jetbrains.dokka.analysis.java.JavaAnalysisPlugin/projectProvider,
	ExtensionPoint: org.jetbrains.dokka.CoreExtensions/postActions,
	ExtensionPoint: org.jetbrains.dokka.analysis.kotlin.symbols.plugin.SymbolsAnalysisPlugin/kotlinAnalysis,
	Extension: org.jetbrains.dokka.base.DokkaBase/sourceSetIdUniquenessChecker,
	Extension: org.jetbrains.dokka.analysis.kotlin.symbols.plugin.SymbolsAnalysisPlugin/sourceRootIndependentChecker,
	Extension: org.jetbrains.dokka.base.DokkaBase/pathToRootConsumer,
	Extension: org.jetbrains.dokka.base.DokkaBase/replaceVersionConsumer,
	Extension: org.jetbrains.dokka.base.DokkaBase/resolveLinkConsumer,
	Extension: org.jetbrains.dokka.base.DokkaBase/defaultSamplesTransformer,
	Extension: org.jetbrains.dokka.base.DokkaBase/sourceSetMerger,
	Extension: org.jetbrains.dokka.base.DokkaBase/pageMerger,
	Extension: org.jetbrains.dokka.base.DokkaBase/rootCreator,
	Extension: org.jetbrains.dokka.base.DokkaBase/sourcesetDependencyAppender,
	Extension: org.jetbrains.dokka.base.DokkaBase/packageListCreator,
	Extension: org.jetbrains.dokka.base.DokkaBase/assetsInstaller,
	Extension: org.jetbrains.dokka.base.DokkaBase/stylesInstaller,
	Extension: org.jetbrains.dokka.base.DokkaBase/scriptsInstaller,
	Extension: org.jetbrains.dokka.base.DokkaBase/customResourceInstaller,
	Extension: org.jetbrains.dokka.base.DokkaBase/navigationPageInstaller,
	Extension: org.jetbrains.dokka.base.DokkaBase/sourceLinksTransformer,
	Extension: org.jetbrains.dokka.base.DokkaBase/baseSearchbarDataInstaller,
	Extension: org.jetbrains.dokka.base.DokkaBase/fileWriter,
	Extension: org.jetbrains.dokka.base.DokkaBase/dokkaLocationProvider,
	Extension: org.jetbrains.dokka.base.DokkaBase/javadocLocationProvider,
	Extension: org.jetbrains.dokka.base.DokkaBase/locationProvider,
	Extension: org.jetbrains.dokka.base.DokkaBase/htmlRenderer,
	Extension: org.jetbrains.dokka.base.DokkaBase/sameMethodNameMerger,
	Extension: org.jetbrains.dokka.base.DokkaBase/fallbackMerger,
	Extension: org.jetbrains.dokka.base.DokkaBase/docTagToContentConverter,
	Extension: org.jetbrains.dokka.base.DokkaBase/documentableToPageTranslator,
	Extension: org.jetbrains.dokka.base.DokkaBase/extensionsExtractor,
	Extension: org.jetbrains.dokka.base.DokkaBase/undocumentedCodeReporter,
	Extension: org.jetbrains.dokka.base.DokkaBase/inheritorsExtractor,
	Extension: org.jetbrains.dokka.base.DokkaBase/actualTypealiasAdder,
	Extension: org.jetbrains.dokka.base.DokkaBase/kotlinSignatureProvider,
	Extension: org.jetbrains.dokka.base.DokkaBase/inheritedEntriesVisbilityFilter,
	Extension: org.jetbrains.dokka.base.DokkaBase/obviousFunctionsVisbilityFilter,
	Extension: org.jetbrains.dokka.base.DokkaBase/documentableVisibilityFilter,
	Extension: org.jetbrains.dokka.base.DokkaBase/jvmMappedMethodsFilter,
	Extension: org.jetbrains.dokka.base.DokkaBase/kotlinArrayDocumentableReplacer,
	Extension: org.jetbrains.dokka.base.DokkaBase/suppressedBySuppressTagDocumentableFilter,
	Extension: org.jetbrains.dokka.base.DokkaBase/suppressedDocumentableFilter,
	Extension: org.jetbrains.dokka.base.DokkaBase/deprecatedDocumentableFilter,
	Extension: org.jetbrains.dokka.base.DokkaBase/emptyPackagesFilter,
	Extension: org.jetbrains.dokka.base.DokkaBase/emptyModulesFilter,
	Extension: org.jetbrains.dokka.base.DokkaBase/modulesAndPackagesDocumentation,
	Extension: org.jetbrains.dokka.base.DokkaBase/documentableMerger,
	Extension: org.jetbrains.dokka.base.DokkaBase/singleGeneration,
	Extension: org.jetbrains.dokka.templates.TemplatingPlugin/replaceVersionCommandHandler,
	Extension: org.jetbrains.dokka.templates.TemplatingPlugin/substitutionCommandHandler,
	Extension: org.jetbrains.dokka.templates.TemplatingPlugin/addToNavigationCommandHandler,
	Extension: org.jetbrains.dokka.templates.TemplatingPlugin/projectNameSubstitutor,
	Extension: org.jetbrains.dokka.templates.TemplatingPlugin/pathToRootSubstitutor,
	Extension: org.jetbrains.dokka.templates.TemplatingPlugin/packageListProcessingStrategy,
	Extension: org.jetbrains.dokka.templates.TemplatingPlugin/pagesSearchTemplateStrategy,
	Extension: org.jetbrains.dokka.templates.TemplatingPlugin/sourcesetDependencyProcessingStrategy,
	Extension: org.jetbrains.dokka.templates.TemplatingPlugin/directiveBasedHtmlTemplateProcessingStrategy,
	Extension: org.jetbrains.dokka.templates.TemplatingPlugin/fallbackProcessingStrategy,
	Extension: org.jetbrains.dokka.templates.TemplatingPlugin/defaultMultiModuleTemplateProcessor,
	Extension: org.jetbrains.dokka.templates.TemplatingPlugin/defaultSubmoduleTemplateProcessor,
	Extension: org.jetbrains.dokka.analysis.java.JavaAnalysisPlugin/psiToDocumentableTranslator,
	Extension: org.jetbrains.dokka.analysis.kotlin.symbols.plugin.SymbolsAnalysisPlugin/symbolToDocumentableTranslator,
	Extension: org.jetbrains.dokka.analysis.java.JavaAnalysisPlugin/javaDocCommentParser,
	Extension: org.jetbrains.dokka.analysis.kotlin.symbols.plugin.SymbolsAnalysisPlugin/kotlinDocCommentParser,
	Extension: org.jetbrains.dokka.analysis.java.JavaAnalysisPlugin/javaDocCommentCreator,
	Extension: org.jetbrains.dokka.analysis.kotlin.symbols.plugin.SymbolsAnalysisPlugin/kotlinDocCommentCreator,
	Extension: org.jetbrains.dokka.analysis.kotlin.symbols.plugin.SymbolsAnalysisPlugin/symbolSampleAnalysisEnvironmentCreator,
	Extension: org.jetbrains.dokka.analysis.kotlin.symbols.plugin.SymbolsAnalysisPlugin/symbolExternalDocumentableProvider,
	Extension: org.jetbrains.dokka.analysis.kotlin.symbols.plugin.SymbolsAnalysisPlugin/symbolInheritanceBuilder,
	Extension: org.jetbrains.dokka.analysis.kotlin.symbols.plugin.SymbolsAnalysisPlugin/kotlinToJavaMapper,
	Extension: org.jetbrains.dokka.analysis.kotlin.symbols.plugin.SymbolsAnalysisPlugin/moduleAndPackageDocumentationReader,
	Extension: org.jetbrains.dokka.analysis.kotlin.symbols.plugin.SymbolsAnalysisPlugin/symbolSyntheticDocumentableDetector,
	Extension: org.jetbrains.dokka.analysis.kotlin.symbols.plugin.SymbolsAnalysisPlugin/symbolFullClassHierarchyBuilder,
	Extension: org.jetbrains.dokka.analysis.kotlin.symbols.plugin.SymbolsAnalysisPlugin/symbolAnalyzerImpl,
	Extension: org.jetbrains.dokka.analysis.kotlin.symbols.plugin.SymbolsAnalysisPlugin/kotlinLightMethodChecker,
	Extension: org.jetbrains.dokka.analysis.kotlin.symbols.plugin.SymbolsAnalysisPlugin/inheritDocTagProvider,
	Extension: org.jetbrains.dokka.analysis.kotlin.symbols.plugin.SymbolsAnalysisPlugin/sourceRootsExtractor,
	Extension: org.jetbrains.dokka.analysis.kotlin.symbols.plugin.SymbolsAnalysisPlugin/projectProvider,
	Extension: org.jetbrains.dokka.analysis.kotlin.symbols.plugin.SymbolsAnalysisPlugin/disposeKotlinAnalysisPostAction,
	Extension: org.jetbrains.dokka.analysis.kotlin.symbols.plugin.SymbolsAnalysisPlugin/defaultKotlinAnalysis
]
[INFO] Suppressed: [

]
[PROGRESS] Dokka is performing: documentation for csv
[PROGRESS] Validity check
[PROGRESS] Creating documentation models
[PROGRESS] Transforming documentation model before merging
[PROGRESS] Merging documentation models
[PROGRESS] Transforming documentation model after merging
[PROGRESS] Creating pages
[PROGRESS] Transforming pages
[PROGRESS] Rendering
[PROGRESS] Running post-actions
[INFO] Unused extension points found: ExtensionPoint: org.jetbrains.dokka.templates.TemplatingPlugin/directiveBasedCommandHandlers, ExtensionPoint: org.jetbrains.dokka.templates.TemplatingPlugin/substitutor, ExtensionPoint: org.jetbrains.dokka.templates.TemplatingPlugin/templateProcessingStrategy, ExtensionPoint: org.jetbrains.dokka.templates.TemplatingPlugin/multimoduleTemplateProcessor, ExtensionPoint: org.jetbrains.dokka.templates.TemplatingPlugin/submoduleTemplateProcessor, ExtensionPoint: org.jetbrains.dokka.analysis.kotlin.KotlinAnalysisPlugin/externalDocumentableProvider, ExtensionPoint: org.jetbrains.dokka.analysis.kotlin.internal.InternalKotlinAnalysisPlugin/inheritanceBuilder, ExtensionPoint: org.jetbrains.dokka.analysis.kotlin.internal.InternalKotlinAnalysisPlugin/kotlinToJavaService, ExtensionPoint: org.jetbrains.dokka.analysis.kotlin.internal.InternalKotlinAnalysisPlugin/syntheticDocumentableDetector
[INFO] Generation completed successfully
[INFO] 

 === TIME MEASUREMENT ===

                           Initializing plugins:  307
                                 Validity check:    5
                  Creating documentation models: 5912
Transforming documentation model before merging:   16
                   Merging documentation models:    1
 Transforming documentation model after merging:    8
                                 Creating pages:  149
                             Transforming pages:   36
                                      Rendering: 2140

[INFO] DokkaGeneratorWorker completed in PT11.203871834S
